Reporting 1 scan chain (muxed_scan)
 
Chain 1: AutoChain_1 
  scan_in:      chip_sdi_1 
  scan_out:     chip_sdo_1   
  shift_enable: chip_scan_se (active high) 
  clock_domain: clk (edge: rise)
  length: 650
    bit 1 	count_reg_0  <clk (rise)>  
    bit 2 	count_reg_1  <clk (rise)>  
    bit 3 	count_reg_2  <clk (rise)>  
    bit 4 	count_reg_3  <clk (rise)>  
    bit 5 	count_reg_4  <clk (rise)>  
    bit 6 	count_reg_5  <clk (rise)>  
    bit 7 	count_reg_6  <clk (rise)>  
    bit 8 	count_reg_7  <clk (rise)>  
    bit 9 	out_reg_0  <clk (rise)>  
    bit 10 	out_reg_1  <clk (rise)>  
    bit 11 	out_reg_2  <clk (rise)>  
    bit 12 	out_reg_3  <clk (rise)>  
    bit 13 	out_reg_4  <clk (rise)>  
    bit 14 	out_reg_5  <clk (rise)>  
    bit 15 	out_reg_6  <clk (rise)>  
    bit 16 	out_reg_7  <clk (rise)>  
    bit 17 	out_reg_8  <clk (rise)>  
    bit 18 	out_reg_9  <clk (rise)>  
    bit 19 	out_reg_10  <clk (rise)>  
    bit 20 	out_reg_11  <clk (rise)>  
    bit 21 	out_reg_12  <clk (rise)>  
    bit 22 	out_reg_13  <clk (rise)>  
    bit 23 	out_reg_14  <clk (rise)>  
    bit 24 	out_reg_15  <clk (rise)>  
    bit 25 	out_reg_16  <clk (rise)>  
    bit 26 	out_reg_17  <clk (rise)>  
    bit 27 	out_reg_18  <clk (rise)>  
    bit 28 	out_reg_19  <clk (rise)>  
    bit 29 	out_reg_20  <clk (rise)>  
    bit 30 	out_reg_21  <clk (rise)>  
    bit 31 	out_reg_22  <clk (rise)>  
    bit 32 	out_reg_23  <clk (rise)>  
    bit 33 	out_reg_24  <clk (rise)>  
    bit 34 	out_reg_25  <clk (rise)>  
    bit 35 	out_reg_26  <clk (rise)>  
    bit 36 	out_reg_27  <clk (rise)>  
    bit 37 	out_reg_28  <clk (rise)>  
    bit 38 	out_reg_29  <clk (rise)>  
    bit 39 	out_reg_30  <clk (rise)>  
    bit 40 	out_reg_31  <clk (rise)>  
    bit 41 	out_reg_32  <clk (rise)>  
    bit 42 	out_reg_33  <clk (rise)>  
    bit 43 	out_reg_34  <clk (rise)>  
    bit 44 	out_reg_35  <clk (rise)>  
    bit 45 	out_reg_36  <clk (rise)>  
    bit 46 	out_reg_37  <clk (rise)>  
    bit 47 	out_reg_38  <clk (rise)>  
    bit 48 	out_reg_39  <clk (rise)>  
    bit 49 	out_reg_40  <clk (rise)>  
    bit 50 	out_reg_41  <clk (rise)>  
    bit 51 	out_reg_42  <clk (rise)>  
    bit 52 	out_reg_43  <clk (rise)>  
    bit 53 	out_reg_44  <clk (rise)>  
    bit 54 	out_reg_45  <clk (rise)>  
    bit 55 	out_reg_46  <clk (rise)>  
    bit 56 	out_reg_47  <clk (rise)>  
    bit 57 	out_reg_48  <clk (rise)>  
    bit 58 	out_reg_49  <clk (rise)>  
    bit 59 	out_reg_50  <clk (rise)>  
    bit 60 	out_reg_51  <clk (rise)>  
    bit 61 	out_reg_52  <clk (rise)>  
    bit 62 	out_reg_53  <clk (rise)>  
    bit 63 	out_reg_54  <clk (rise)>  
    bit 64 	out_reg_55  <clk (rise)>  
    bit 65 	out_reg_56  <clk (rise)>  
    bit 66 	out_reg_57  <clk (rise)>  
    bit 67 	out_reg_58  <clk (rise)>  
    bit 68 	out_reg_59  <clk (rise)>  
    bit 69 	out_reg_60  <clk (rise)>  
    bit 70 	out_reg_61  <clk (rise)>  
    bit 71 	out_reg_62  <clk (rise)>  
    bit 72 	out_reg_63  <clk (rise)>  
    bit 73 	out_reg_64  <clk (rise)>  
    bit 74 	out_reg_65  <clk (rise)>  
    bit 75 	out_reg_66  <clk (rise)>  
    bit 76 	out_reg_67  <clk (rise)>  
    bit 77 	out_reg_68  <clk (rise)>  
    bit 78 	out_reg_69  <clk (rise)>  
    bit 79 	out_reg_70  <clk (rise)>  
    bit 80 	out_reg_71  <clk (rise)>  
    bit 81 	out_reg_72  <clk (rise)>  
    bit 82 	out_reg_73  <clk (rise)>  
    bit 83 	out_reg_74  <clk (rise)>  
    bit 84 	out_reg_75  <clk (rise)>  
    bit 85 	out_reg_76  <clk (rise)>  
    bit 86 	out_reg_77  <clk (rise)>  
    bit 87 	out_reg_78  <clk (rise)>  
    bit 88 	out_reg_79  <clk (rise)>  
    bit 89 	out_reg_80  <clk (rise)>  
    bit 90 	out_reg_81  <clk (rise)>  
    bit 91 	out_reg_82  <clk (rise)>  
    bit 92 	out_reg_83  <clk (rise)>  
    bit 93 	out_reg_84  <clk (rise)>  
    bit 94 	out_reg_85  <clk (rise)>  
    bit 95 	out_reg_86  <clk (rise)>  
    bit 96 	out_reg_87  <clk (rise)>  
    bit 97 	out_reg_88  <clk (rise)>  
    bit 98 	out_reg_89  <clk (rise)>  
    bit 99 	out_reg_90  <clk (rise)>  
    bit 100 	out_reg_91  <clk (rise)>  
    bit 101 	out_reg_92  <clk (rise)>  
    bit 102 	out_reg_93  <clk (rise)>  
    bit 103 	out_reg_94  <clk (rise)>  
    bit 104 	out_reg_95  <clk (rise)>  
    bit 105 	out_reg_96  <clk (rise)>  
    bit 106 	out_reg_97  <clk (rise)>  
    bit 107 	out_reg_98  <clk (rise)>  
    bit 108 	out_reg_99  <clk (rise)>  
    bit 109 	out_reg_100  <clk (rise)>  
    bit 110 	out_reg_101  <clk (rise)>  
    bit 111 	out_reg_102  <clk (rise)>  
    bit 112 	out_reg_103  <clk (rise)>  
    bit 113 	out_reg_104  <clk (rise)>  
    bit 114 	out_reg_105  <clk (rise)>  
    bit 115 	out_reg_106  <clk (rise)>  
    bit 116 	out_reg_107  <clk (rise)>  
    bit 117 	out_reg_108  <clk (rise)>  
    bit 118 	out_reg_109  <clk (rise)>  
    bit 119 	out_reg_110  <clk (rise)>  
    bit 120 	out_reg_111  <clk (rise)>  
    bit 121 	out_reg_112  <clk (rise)>  
    bit 122 	out_reg_113  <clk (rise)>  
    bit 123 	out_reg_114  <clk (rise)>  
    bit 124 	out_reg_115  <clk (rise)>  
    bit 125 	out_reg_116  <clk (rise)>  
    bit 126 	out_reg_117  <clk (rise)>  
    bit 127 	out_reg_118  <clk (rise)>  
    bit 128 	out_reg_119  <clk (rise)>  
    bit 129 	out_reg_120  <clk (rise)>  
    bit 130 	out_reg_121  <clk (rise)>  
    bit 131 	out_reg_122  <clk (rise)>  
    bit 132 	out_reg_123  <clk (rise)>  
    bit 133 	out_reg_124  <clk (rise)>  
    bit 134 	out_reg_125  <clk (rise)>  
    bit 135 	out_reg_126  <clk (rise)>  
    bit 136 	out_reg_127  <clk (rise)>  
    bit 137 	out_reg_128  <clk (rise)>  
    bit 138 	out_reg_129  <clk (rise)>  
    bit 139 	out_reg_130  <clk (rise)>  
    bit 140 	out_reg_131  <clk (rise)>  
    bit 141 	out_reg_132  <clk (rise)>  
    bit 142 	out_reg_133  <clk (rise)>  
    bit 143 	out_reg_134  <clk (rise)>  
    bit 144 	out_reg_135  <clk (rise)>  
    bit 145 	out_reg_136  <clk (rise)>  
    bit 146 	out_reg_137  <clk (rise)>  
    bit 147 	out_reg_138  <clk (rise)>  
    bit 148 	out_reg_139  <clk (rise)>  
    bit 149 	out_reg_140  <clk (rise)>  
    bit 150 	out_reg_141  <clk (rise)>  
    bit 151 	out_reg_142  <clk (rise)>  
    bit 152 	out_reg_143  <clk (rise)>  
    bit 153 	out_reg_144  <clk (rise)>  
    bit 154 	out_reg_145  <clk (rise)>  
    bit 155 	out_reg_146  <clk (rise)>  
    bit 156 	out_reg_147  <clk (rise)>  
    bit 157 	out_reg_148  <clk (rise)>  
    bit 158 	out_reg_149  <clk (rise)>  
    bit 159 	out_reg_150  <clk (rise)>  
    bit 160 	out_reg_151  <clk (rise)>  
    bit 161 	out_reg_152  <clk (rise)>  
    bit 162 	out_reg_153  <clk (rise)>  
    bit 163 	out_reg_154  <clk (rise)>  
    bit 164 	out_reg_155  <clk (rise)>  
    bit 165 	out_reg_156  <clk (rise)>  
    bit 166 	out_reg_157  <clk (rise)>  
    bit 167 	out_reg_158  <clk (rise)>  
    bit 168 	out_reg_159  <clk (rise)>  
    bit 169 	out_reg_160  <clk (rise)>  
    bit 170 	out_reg_161  <clk (rise)>  
    bit 171 	out_reg_162  <clk (rise)>  
    bit 172 	out_reg_163  <clk (rise)>  
    bit 173 	out_reg_164  <clk (rise)>  
    bit 174 	out_reg_165  <clk (rise)>  
    bit 175 	out_reg_166  <clk (rise)>  
    bit 176 	out_reg_167  <clk (rise)>  
    bit 177 	out_reg_168  <clk (rise)>  
    bit 178 	out_reg_169  <clk (rise)>  
    bit 179 	out_reg_170  <clk (rise)>  
    bit 180 	out_reg_171  <clk (rise)>  
    bit 181 	out_reg_172  <clk (rise)>  
    bit 182 	out_reg_173  <clk (rise)>  
    bit 183 	out_reg_174  <clk (rise)>  
    bit 184 	out_reg_175  <clk (rise)>  
    bit 185 	out_reg_176  <clk (rise)>  
    bit 186 	out_reg_177  <clk (rise)>  
    bit 187 	out_reg_178  <clk (rise)>  
    bit 188 	out_reg_179  <clk (rise)>  
    bit 189 	out_reg_180  <clk (rise)>  
    bit 190 	out_reg_181  <clk (rise)>  
    bit 191 	out_reg_182  <clk (rise)>  
    bit 192 	out_reg_183  <clk (rise)>  
    bit 193 	out_reg_184  <clk (rise)>  
    bit 194 	out_reg_185  <clk (rise)>  
    bit 195 	out_reg_186  <clk (rise)>  
    bit 196 	out_reg_187  <clk (rise)>  
    bit 197 	out_reg_188  <clk (rise)>  
    bit 198 	out_reg_189  <clk (rise)>  
    bit 199 	out_reg_190  <clk (rise)>  
    bit 200 	out_reg_191  <clk (rise)>  
    bit 201 	out_reg_192  <clk (rise)>  
    bit 202 	out_reg_193  <clk (rise)>  
    bit 203 	out_reg_194  <clk (rise)>  
    bit 204 	out_reg_195  <clk (rise)>  
    bit 205 	out_reg_196  <clk (rise)>  
    bit 206 	out_reg_197  <clk (rise)>  
    bit 207 	out_reg_198  <clk (rise)>  
    bit 208 	out_reg_199  <clk (rise)>  
    bit 209 	out_reg_200  <clk (rise)>  
    bit 210 	out_reg_201  <clk (rise)>  
    bit 211 	out_reg_202  <clk (rise)>  
    bit 212 	out_reg_203  <clk (rise)>  
    bit 213 	out_reg_204  <clk (rise)>  
    bit 214 	out_reg_205  <clk (rise)>  
    bit 215 	out_reg_206  <clk (rise)>  
    bit 216 	out_reg_207  <clk (rise)>  
    bit 217 	out_reg_208  <clk (rise)>  
    bit 218 	out_reg_209  <clk (rise)>  
    bit 219 	out_reg_210  <clk (rise)>  
    bit 220 	out_reg_211  <clk (rise)>  
    bit 221 	out_reg_212  <clk (rise)>  
    bit 222 	out_reg_213  <clk (rise)>  
    bit 223 	out_reg_214  <clk (rise)>  
    bit 224 	out_reg_215  <clk (rise)>  
    bit 225 	out_reg_216  <clk (rise)>  
    bit 226 	out_reg_217  <clk (rise)>  
    bit 227 	out_reg_218  <clk (rise)>  
    bit 228 	out_reg_219  <clk (rise)>  
    bit 229 	out_reg_220  <clk (rise)>  
    bit 230 	out_reg_221  <clk (rise)>  
    bit 231 	out_reg_222  <clk (rise)>  
    bit 232 	out_reg_223  <clk (rise)>  
    bit 233 	out_reg_224  <clk (rise)>  
    bit 234 	out_reg_225  <clk (rise)>  
    bit 235 	out_reg_226  <clk (rise)>  
    bit 236 	out_reg_227  <clk (rise)>  
    bit 237 	out_reg_228  <clk (rise)>  
    bit 238 	out_reg_229  <clk (rise)>  
    bit 239 	out_reg_230  <clk (rise)>  
    bit 240 	out_reg_231  <clk (rise)>  
    bit 241 	out_reg_232  <clk (rise)>  
    bit 242 	out_reg_233  <clk (rise)>  
    bit 243 	out_reg_234  <clk (rise)>  
    bit 244 	out_reg_235  <clk (rise)>  
    bit 245 	out_reg_236  <clk (rise)>  
    bit 246 	out_reg_237  <clk (rise)>  
    bit 247 	out_reg_238  <clk (rise)>  
    bit 248 	out_reg_239  <clk (rise)>  
    bit 249 	out_reg_240  <clk (rise)>  
    bit 250 	out_reg_241  <clk (rise)>  
    bit 251 	out_reg_242  <clk (rise)>  
    bit 252 	out_reg_243  <clk (rise)>  
    bit 253 	out_reg_244  <clk (rise)>  
    bit 254 	out_reg_245  <clk (rise)>  
    bit 255 	out_reg_246  <clk (rise)>  
    bit 256 	out_reg_247  <clk (rise)>  
    bit 257 	out_reg_248  <clk (rise)>  
    bit 258 	out_reg_249  <clk (rise)>  
    bit 259 	out_reg_250  <clk (rise)>  
    bit 260 	out_reg_251  <clk (rise)>  
    bit 261 	out_reg_252  <clk (rise)>  
    bit 262 	out_reg_253  <clk (rise)>  
    bit 263 	out_reg_254  <clk (rise)>  
    bit 264 	out_reg_255  <clk (rise)>  
    bit 265 	par_out_a_reg_0  <clk (rise)>  
    bit 266 	par_out_a_reg_1  <clk (rise)>  
    bit 267 	par_out_a_reg_2  <clk (rise)>  
    bit 268 	par_out_a_reg_3  <clk (rise)>  
    bit 269 	par_out_a_reg_4  <clk (rise)>  
    bit 270 	par_out_a_reg_5  <clk (rise)>  
    bit 271 	par_out_a_reg_6  <clk (rise)>  
    bit 272 	par_out_a_reg_7  <clk (rise)>  
    bit 273 	par_out_a_reg_8  <clk (rise)>  
    bit 274 	par_out_a_reg_9  <clk (rise)>  
    bit 275 	par_out_a_reg_10  <clk (rise)>  
    bit 276 	par_out_a_reg_11  <clk (rise)>  
    bit 277 	par_out_a_reg_12  <clk (rise)>  
    bit 278 	par_out_a_reg_13  <clk (rise)>  
    bit 279 	par_out_a_reg_14  <clk (rise)>  
    bit 280 	par_out_a_reg_15  <clk (rise)>  
    bit 281 	par_out_a_reg_16  <clk (rise)>  
    bit 282 	par_out_a_reg_17  <clk (rise)>  
    bit 283 	par_out_a_reg_18  <clk (rise)>  
    bit 284 	par_out_a_reg_19  <clk (rise)>  
    bit 285 	par_out_a_reg_20  <clk (rise)>  
    bit 286 	par_out_a_reg_21  <clk (rise)>  
    bit 287 	par_out_a_reg_22  <clk (rise)>  
    bit 288 	par_out_a_reg_23  <clk (rise)>  
    bit 289 	par_out_a_reg_24  <clk (rise)>  
    bit 290 	par_out_a_reg_25  <clk (rise)>  
    bit 291 	par_out_a_reg_26  <clk (rise)>  
    bit 292 	par_out_a_reg_27  <clk (rise)>  
    bit 293 	par_out_a_reg_28  <clk (rise)>  
    bit 294 	par_out_a_reg_29  <clk (rise)>  
    bit 295 	par_out_a_reg_30  <clk (rise)>  
    bit 296 	par_out_a_reg_31  <clk (rise)>  
    bit 297 	par_out_a_reg_32  <clk (rise)>  
    bit 298 	par_out_a_reg_33  <clk (rise)>  
    bit 299 	par_out_a_reg_34  <clk (rise)>  
    bit 300 	par_out_a_reg_35  <clk (rise)>  
    bit 301 	par_out_a_reg_36  <clk (rise)>  
    bit 302 	par_out_a_reg_37  <clk (rise)>  
    bit 303 	par_out_a_reg_38  <clk (rise)>  
    bit 304 	par_out_a_reg_39  <clk (rise)>  
    bit 305 	par_out_a_reg_40  <clk (rise)>  
    bit 306 	par_out_a_reg_41  <clk (rise)>  
    bit 307 	par_out_a_reg_42  <clk (rise)>  
    bit 308 	par_out_a_reg_43  <clk (rise)>  
    bit 309 	par_out_a_reg_44  <clk (rise)>  
    bit 310 	par_out_a_reg_45  <clk (rise)>  
    bit 311 	par_out_a_reg_46  <clk (rise)>  
    bit 312 	par_out_a_reg_47  <clk (rise)>  
    bit 313 	par_out_a_reg_48  <clk (rise)>  
    bit 314 	par_out_a_reg_49  <clk (rise)>  
    bit 315 	par_out_a_reg_50  <clk (rise)>  
    bit 316 	par_out_a_reg_51  <clk (rise)>  
    bit 317 	par_out_a_reg_52  <clk (rise)>  
    bit 318 	par_out_a_reg_53  <clk (rise)>  
    bit 319 	par_out_a_reg_54  <clk (rise)>  
    bit 320 	par_out_a_reg_55  <clk (rise)>  
    bit 321 	par_out_a_reg_56  <clk (rise)>  
    bit 322 	par_out_a_reg_57  <clk (rise)>  
    bit 323 	par_out_a_reg_58  <clk (rise)>  
    bit 324 	par_out_a_reg_59  <clk (rise)>  
    bit 325 	par_out_a_reg_60  <clk (rise)>  
    bit 326 	par_out_a_reg_61  <clk (rise)>  
    bit 327 	par_out_a_reg_62  <clk (rise)>  
    bit 328 	par_out_a_reg_63  <clk (rise)>  
    bit 329 	par_out_a_reg_64  <clk (rise)>  
    bit 330 	par_out_a_reg_65  <clk (rise)>  
    bit 331 	par_out_a_reg_66  <clk (rise)>  
    bit 332 	par_out_a_reg_67  <clk (rise)>  
    bit 333 	par_out_a_reg_68  <clk (rise)>  
    bit 334 	par_out_a_reg_69  <clk (rise)>  
    bit 335 	par_out_a_reg_70  <clk (rise)>  
    bit 336 	par_out_a_reg_71  <clk (rise)>  
    bit 337 	par_out_a_reg_72  <clk (rise)>  
    bit 338 	par_out_a_reg_73  <clk (rise)>  
    bit 339 	par_out_a_reg_74  <clk (rise)>  
    bit 340 	par_out_a_reg_75  <clk (rise)>  
    bit 341 	par_out_a_reg_76  <clk (rise)>  
    bit 342 	par_out_a_reg_77  <clk (rise)>  
    bit 343 	par_out_a_reg_78  <clk (rise)>  
    bit 344 	par_out_a_reg_79  <clk (rise)>  
    bit 345 	par_out_a_reg_80  <clk (rise)>  
    bit 346 	par_out_a_reg_81  <clk (rise)>  
    bit 347 	par_out_a_reg_82  <clk (rise)>  
    bit 348 	par_out_a_reg_83  <clk (rise)>  
    bit 349 	par_out_a_reg_84  <clk (rise)>  
    bit 350 	par_out_a_reg_85  <clk (rise)>  
    bit 351 	par_out_a_reg_86  <clk (rise)>  
    bit 352 	par_out_a_reg_87  <clk (rise)>  
    bit 353 	par_out_a_reg_88  <clk (rise)>  
    bit 354 	par_out_a_reg_89  <clk (rise)>  
    bit 355 	par_out_a_reg_90  <clk (rise)>  
    bit 356 	par_out_a_reg_91  <clk (rise)>  
    bit 357 	par_out_a_reg_92  <clk (rise)>  
    bit 358 	par_out_a_reg_93  <clk (rise)>  
    bit 359 	par_out_a_reg_94  <clk (rise)>  
    bit 360 	par_out_a_reg_95  <clk (rise)>  
    bit 361 	par_out_a_reg_96  <clk (rise)>  
    bit 362 	par_out_a_reg_97  <clk (rise)>  
    bit 363 	par_out_a_reg_98  <clk (rise)>  
    bit 364 	par_out_a_reg_99  <clk (rise)>  
    bit 365 	par_out_a_reg_100  <clk (rise)>  
    bit 366 	par_out_a_reg_101  <clk (rise)>  
    bit 367 	par_out_a_reg_102  <clk (rise)>  
    bit 368 	par_out_a_reg_103  <clk (rise)>  
    bit 369 	par_out_a_reg_104  <clk (rise)>  
    bit 370 	par_out_a_reg_105  <clk (rise)>  
    bit 371 	par_out_a_reg_106  <clk (rise)>  
    bit 372 	par_out_a_reg_107  <clk (rise)>  
    bit 373 	par_out_a_reg_108  <clk (rise)>  
    bit 374 	par_out_a_reg_109  <clk (rise)>  
    bit 375 	par_out_a_reg_110  <clk (rise)>  
    bit 376 	par_out_a_reg_111  <clk (rise)>  
    bit 377 	par_out_a_reg_112  <clk (rise)>  
    bit 378 	par_out_a_reg_113  <clk (rise)>  
    bit 379 	par_out_a_reg_114  <clk (rise)>  
    bit 380 	par_out_a_reg_115  <clk (rise)>  
    bit 381 	par_out_a_reg_116  <clk (rise)>  
    bit 382 	par_out_a_reg_117  <clk (rise)>  
    bit 383 	par_out_a_reg_118  <clk (rise)>  
    bit 384 	par_out_a_reg_119  <clk (rise)>  
    bit 385 	par_out_a_reg_120  <clk (rise)>  
    bit 386 	par_out_a_reg_121  <clk (rise)>  
    bit 387 	par_out_a_reg_122  <clk (rise)>  
    bit 388 	par_out_a_reg_123  <clk (rise)>  
    bit 389 	par_out_a_reg_124  <clk (rise)>  
    bit 390 	par_out_a_reg_125  <clk (rise)>  
    bit 391 	par_out_a_reg_126  <clk (rise)>  
    bit 392 	par_out_a_reg_127  <clk (rise)>  
    bit 393 	par_out_a_reg_128  <clk (rise)>  
    bit 394 	par_out_a_reg_129  <clk (rise)>  
    bit 395 	par_out_a_reg_130  <clk (rise)>  
    bit 396 	par_out_a_reg_131  <clk (rise)>  
    bit 397 	par_out_a_reg_132  <clk (rise)>  
    bit 398 	par_out_a_reg_133  <clk (rise)>  
    bit 399 	par_out_a_reg_134  <clk (rise)>  
    bit 400 	par_out_a_reg_135  <clk (rise)>  
    bit 401 	par_out_a_reg_136  <clk (rise)>  
    bit 402 	par_out_a_reg_137  <clk (rise)>  
    bit 403 	par_out_a_reg_138  <clk (rise)>  
    bit 404 	par_out_a_reg_139  <clk (rise)>  
    bit 405 	par_out_a_reg_140  <clk (rise)>  
    bit 406 	par_out_a_reg_141  <clk (rise)>  
    bit 407 	par_out_a_reg_142  <clk (rise)>  
    bit 408 	par_out_a_reg_143  <clk (rise)>  
    bit 409 	par_out_a_reg_144  <clk (rise)>  
    bit 410 	par_out_a_reg_145  <clk (rise)>  
    bit 411 	par_out_a_reg_146  <clk (rise)>  
    bit 412 	par_out_a_reg_147  <clk (rise)>  
    bit 413 	par_out_a_reg_148  <clk (rise)>  
    bit 414 	par_out_a_reg_149  <clk (rise)>  
    bit 415 	par_out_a_reg_150  <clk (rise)>  
    bit 416 	par_out_a_reg_151  <clk (rise)>  
    bit 417 	par_out_a_reg_152  <clk (rise)>  
    bit 418 	par_out_a_reg_153  <clk (rise)>  
    bit 419 	par_out_a_reg_154  <clk (rise)>  
    bit 420 	par_out_a_reg_155  <clk (rise)>  
    bit 421 	par_out_a_reg_156  <clk (rise)>  
    bit 422 	par_out_a_reg_157  <clk (rise)>  
    bit 423 	par_out_a_reg_158  <clk (rise)>  
    bit 424 	par_out_a_reg_159  <clk (rise)>  
    bit 425 	par_out_a_reg_160  <clk (rise)>  
    bit 426 	par_out_a_reg_161  <clk (rise)>  
    bit 427 	par_out_a_reg_162  <clk (rise)>  
    bit 428 	par_out_a_reg_163  <clk (rise)>  
    bit 429 	par_out_a_reg_164  <clk (rise)>  
    bit 430 	par_out_a_reg_165  <clk (rise)>  
    bit 431 	par_out_a_reg_166  <clk (rise)>  
    bit 432 	par_out_a_reg_167  <clk (rise)>  
    bit 433 	par_out_a_reg_168  <clk (rise)>  
    bit 434 	par_out_a_reg_169  <clk (rise)>  
    bit 435 	par_out_a_reg_170  <clk (rise)>  
    bit 436 	par_out_a_reg_171  <clk (rise)>  
    bit 437 	par_out_a_reg_172  <clk (rise)>  
    bit 438 	par_out_a_reg_173  <clk (rise)>  
    bit 439 	par_out_a_reg_174  <clk (rise)>  
    bit 440 	par_out_a_reg_175  <clk (rise)>  
    bit 441 	par_out_a_reg_176  <clk (rise)>  
    bit 442 	par_out_a_reg_177  <clk (rise)>  
    bit 443 	par_out_a_reg_178  <clk (rise)>  
    bit 444 	par_out_a_reg_179  <clk (rise)>  
    bit 445 	par_out_a_reg_180  <clk (rise)>  
    bit 446 	par_out_a_reg_181  <clk (rise)>  
    bit 447 	par_out_a_reg_182  <clk (rise)>  
    bit 448 	par_out_a_reg_183  <clk (rise)>  
    bit 449 	par_out_a_reg_184  <clk (rise)>  
    bit 450 	par_out_a_reg_185  <clk (rise)>  
    bit 451 	par_out_a_reg_186  <clk (rise)>  
    bit 452 	par_out_a_reg_187  <clk (rise)>  
    bit 453 	par_out_a_reg_188  <clk (rise)>  
    bit 454 	par_out_a_reg_189  <clk (rise)>  
    bit 455 	par_out_a_reg_190  <clk (rise)>  
    bit 456 	par_out_a_reg_191  <clk (rise)>  
    bit 457 	par_out_a_reg_192  <clk (rise)>  
    bit 458 	par_out_a_reg_193  <clk (rise)>  
    bit 459 	par_out_a_reg_194  <clk (rise)>  
    bit 460 	par_out_a_reg_195  <clk (rise)>  
    bit 461 	par_out_a_reg_196  <clk (rise)>  
    bit 462 	par_out_a_reg_197  <clk (rise)>  
    bit 463 	par_out_a_reg_198  <clk (rise)>  
    bit 464 	par_out_a_reg_199  <clk (rise)>  
    bit 465 	par_out_a_reg_200  <clk (rise)>  
    bit 466 	par_out_a_reg_201  <clk (rise)>  
    bit 467 	par_out_a_reg_202  <clk (rise)>  
    bit 468 	par_out_a_reg_203  <clk (rise)>  
    bit 469 	par_out_a_reg_204  <clk (rise)>  
    bit 470 	par_out_a_reg_205  <clk (rise)>  
    bit 471 	par_out_a_reg_206  <clk (rise)>  
    bit 472 	par_out_a_reg_207  <clk (rise)>  
    bit 473 	par_out_a_reg_208  <clk (rise)>  
    bit 474 	par_out_a_reg_209  <clk (rise)>  
    bit 475 	par_out_a_reg_210  <clk (rise)>  
    bit 476 	par_out_a_reg_211  <clk (rise)>  
    bit 477 	par_out_a_reg_212  <clk (rise)>  
    bit 478 	par_out_a_reg_213  <clk (rise)>  
    bit 479 	par_out_a_reg_214  <clk (rise)>  
    bit 480 	par_out_a_reg_215  <clk (rise)>  
    bit 481 	par_out_a_reg_216  <clk (rise)>  
    bit 482 	par_out_a_reg_217  <clk (rise)>  
    bit 483 	par_out_a_reg_218  <clk (rise)>  
    bit 484 	par_out_a_reg_219  <clk (rise)>  
    bit 485 	par_out_a_reg_220  <clk (rise)>  
    bit 486 	par_out_a_reg_221  <clk (rise)>  
    bit 487 	par_out_a_reg_222  <clk (rise)>  
    bit 488 	par_out_a_reg_223  <clk (rise)>  
    bit 489 	par_out_a_reg_224  <clk (rise)>  
    bit 490 	par_out_a_reg_225  <clk (rise)>  
    bit 491 	par_out_a_reg_226  <clk (rise)>  
    bit 492 	par_out_a_reg_227  <clk (rise)>  
    bit 493 	par_out_a_reg_228  <clk (rise)>  
    bit 494 	par_out_a_reg_229  <clk (rise)>  
    bit 495 	par_out_a_reg_230  <clk (rise)>  
    bit 496 	par_out_a_reg_231  <clk (rise)>  
    bit 497 	par_out_a_reg_232  <clk (rise)>  
    bit 498 	par_out_a_reg_233  <clk (rise)>  
    bit 499 	par_out_a_reg_234  <clk (rise)>  
    bit 500 	par_out_a_reg_235  <clk (rise)>  
    bit 501 	par_out_a_reg_236  <clk (rise)>  
    bit 502 	par_out_a_reg_237  <clk (rise)>  
    bit 503 	par_out_a_reg_238  <clk (rise)>  
    bit 504 	par_out_a_reg_239  <clk (rise)>  
    bit 505 	par_out_a_reg_240  <clk (rise)>  
    bit 506 	par_out_a_reg_241  <clk (rise)>  
    bit 507 	par_out_a_reg_242  <clk (rise)>  
    bit 508 	par_out_a_reg_243  <clk (rise)>  
    bit 509 	par_out_a_reg_244  <clk (rise)>  
    bit 510 	par_out_a_reg_245  <clk (rise)>  
    bit 511 	par_out_a_reg_246  <clk (rise)>  
    bit 512 	par_out_a_reg_247  <clk (rise)>  
    bit 513 	par_out_a_reg_248  <clk (rise)>  
    bit 514 	par_out_a_reg_249  <clk (rise)>  
    bit 515 	par_out_a_reg_250  <clk (rise)>  
    bit 516 	par_out_a_reg_251  <clk (rise)>  
    bit 517 	par_out_a_reg_252  <clk (rise)>  
    bit 518 	par_out_a_reg_253  <clk (rise)>  
    bit 519 	par_out_a_reg_254  <clk (rise)>  
    bit 520 	par_out_a_reg_255  <clk (rise)>  
    bit 521 	par_out_b_reg_0  <clk (rise)>  
    bit 522 	par_out_b_reg_1  <clk (rise)>  
    bit 523 	par_out_b_reg_2  <clk (rise)>  
    bit 524 	par_out_b_reg_3  <clk (rise)>  
    bit 525 	par_out_b_reg_4  <clk (rise)>  
    bit 526 	par_out_b_reg_5  <clk (rise)>  
    bit 527 	par_out_b_reg_6  <clk (rise)>  
    bit 528 	par_out_b_reg_7  <clk (rise)>  
    bit 529 	par_out_b_reg_8  <clk (rise)>  
    bit 530 	par_out_b_reg_9  <clk (rise)>  
    bit 531 	par_out_b_reg_10  <clk (rise)>  
    bit 532 	par_out_b_reg_11  <clk (rise)>  
    bit 533 	par_out_b_reg_12  <clk (rise)>  
    bit 534 	par_out_b_reg_13  <clk (rise)>  
    bit 535 	par_out_b_reg_14  <clk (rise)>  
    bit 536 	par_out_b_reg_15  <clk (rise)>  
    bit 537 	par_out_b_reg_16  <clk (rise)>  
    bit 538 	par_out_b_reg_17  <clk (rise)>  
    bit 539 	par_out_b_reg_18  <clk (rise)>  
    bit 540 	par_out_b_reg_19  <clk (rise)>  
    bit 541 	par_out_b_reg_20  <clk (rise)>  
    bit 542 	par_out_b_reg_21  <clk (rise)>  
    bit 543 	par_out_b_reg_22  <clk (rise)>  
    bit 544 	par_out_b_reg_23  <clk (rise)>  
    bit 545 	par_out_b_reg_24  <clk (rise)>  
    bit 546 	par_out_b_reg_25  <clk (rise)>  
    bit 547 	par_out_b_reg_26  <clk (rise)>  
    bit 548 	par_out_b_reg_27  <clk (rise)>  
    bit 549 	par_out_b_reg_28  <clk (rise)>  
    bit 550 	par_out_b_reg_29  <clk (rise)>  
    bit 551 	par_out_b_reg_30  <clk (rise)>  
    bit 552 	par_out_b_reg_31  <clk (rise)>  
    bit 553 	par_out_b_reg_32  <clk (rise)>  
    bit 554 	par_out_b_reg_33  <clk (rise)>  
    bit 555 	par_out_b_reg_34  <clk (rise)>  
    bit 556 	par_out_b_reg_35  <clk (rise)>  
    bit 557 	par_out_b_reg_36  <clk (rise)>  
    bit 558 	par_out_b_reg_37  <clk (rise)>  
    bit 559 	par_out_b_reg_38  <clk (rise)>  
    bit 560 	par_out_b_reg_39  <clk (rise)>  
    bit 561 	par_out_b_reg_40  <clk (rise)>  
    bit 562 	par_out_b_reg_41  <clk (rise)>  
    bit 563 	par_out_b_reg_42  <clk (rise)>  
    bit 564 	par_out_b_reg_43  <clk (rise)>  
    bit 565 	par_out_b_reg_44  <clk (rise)>  
    bit 566 	par_out_b_reg_45  <clk (rise)>  
    bit 567 	par_out_b_reg_46  <clk (rise)>  
    bit 568 	par_out_b_reg_47  <clk (rise)>  
    bit 569 	par_out_b_reg_48  <clk (rise)>  
    bit 570 	par_out_b_reg_49  <clk (rise)>  
    bit 571 	par_out_b_reg_50  <clk (rise)>  
    bit 572 	par_out_b_reg_51  <clk (rise)>  
    bit 573 	par_out_b_reg_52  <clk (rise)>  
    bit 574 	par_out_b_reg_53  <clk (rise)>  
    bit 575 	par_out_b_reg_54  <clk (rise)>  
    bit 576 	par_out_b_reg_55  <clk (rise)>  
    bit 577 	par_out_b_reg_56  <clk (rise)>  
    bit 578 	par_out_b_reg_57  <clk (rise)>  
    bit 579 	par_out_b_reg_58  <clk (rise)>  
    bit 580 	par_out_b_reg_59  <clk (rise)>  
    bit 581 	par_out_b_reg_60  <clk (rise)>  
    bit 582 	par_out_b_reg_61  <clk (rise)>  
    bit 583 	par_out_b_reg_62  <clk (rise)>  
    bit 584 	par_out_b_reg_63  <clk (rise)>  
    bit 585 	par_out_b_reg_64  <clk (rise)>  
    bit 586 	par_out_b_reg_65  <clk (rise)>  
    bit 587 	par_out_b_reg_66  <clk (rise)>  
    bit 588 	par_out_b_reg_67  <clk (rise)>  
    bit 589 	par_out_b_reg_68  <clk (rise)>  
    bit 590 	par_out_b_reg_69  <clk (rise)>  
    bit 591 	par_out_b_reg_70  <clk (rise)>  
    bit 592 	par_out_b_reg_71  <clk (rise)>  
    bit 593 	par_out_b_reg_72  <clk (rise)>  
    bit 594 	par_out_b_reg_73  <clk (rise)>  
    bit 595 	par_out_b_reg_74  <clk (rise)>  
    bit 596 	par_out_b_reg_75  <clk (rise)>  
    bit 597 	par_out_b_reg_76  <clk (rise)>  
    bit 598 	par_out_b_reg_77  <clk (rise)>  
    bit 599 	par_out_b_reg_78  <clk (rise)>  
    bit 600 	par_out_b_reg_79  <clk (rise)>  
    bit 601 	par_out_b_reg_80  <clk (rise)>  
    bit 602 	par_out_b_reg_81  <clk (rise)>  
    bit 603 	par_out_b_reg_82  <clk (rise)>  
    bit 604 	par_out_b_reg_83  <clk (rise)>  
    bit 605 	par_out_b_reg_84  <clk (rise)>  
    bit 606 	par_out_b_reg_85  <clk (rise)>  
    bit 607 	par_out_b_reg_86  <clk (rise)>  
    bit 608 	par_out_b_reg_87  <clk (rise)>  
    bit 609 	par_out_b_reg_88  <clk (rise)>  
    bit 610 	par_out_b_reg_89  <clk (rise)>  
    bit 611 	par_out_b_reg_90  <clk (rise)>  
    bit 612 	par_out_b_reg_91  <clk (rise)>  
    bit 613 	par_out_b_reg_92  <clk (rise)>  
    bit 614 	par_out_b_reg_93  <clk (rise)>  
    bit 615 	par_out_b_reg_94  <clk (rise)>  
    bit 616 	par_out_b_reg_95  <clk (rise)>  
    bit 617 	par_out_b_reg_96  <clk (rise)>  
    bit 618 	par_out_b_reg_97  <clk (rise)>  
    bit 619 	par_out_b_reg_98  <clk (rise)>  
    bit 620 	par_out_b_reg_99  <clk (rise)>  
    bit 621 	par_out_b_reg_100  <clk (rise)>  
    bit 622 	par_out_b_reg_101  <clk (rise)>  
    bit 623 	par_out_b_reg_102  <clk (rise)>  
    bit 624 	par_out_b_reg_103  <clk (rise)>  
    bit 625 	par_out_b_reg_104  <clk (rise)>  
    bit 626 	par_out_b_reg_105  <clk (rise)>  
    bit 627 	par_out_b_reg_106  <clk (rise)>  
    bit 628 	par_out_b_reg_107  <clk (rise)>  
    bit 629 	par_out_b_reg_108  <clk (rise)>  
    bit 630 	par_out_b_reg_109  <clk (rise)>  
    bit 631 	par_out_b_reg_110  <clk (rise)>  
    bit 632 	par_out_b_reg_111  <clk (rise)>  
    bit 633 	par_out_b_reg_112  <clk (rise)>  
    bit 634 	par_out_b_reg_113  <clk (rise)>  
    bit 635 	par_out_b_reg_114  <clk (rise)>  
    bit 636 	par_out_b_reg_115  <clk (rise)>  
    bit 637 	par_out_b_reg_116  <clk (rise)>  
    bit 638 	par_out_b_reg_117  <clk (rise)>  
    bit 639 	par_out_b_reg_118  <clk (rise)>  
    bit 640 	par_out_b_reg_119  <clk (rise)>  
    bit 641 	par_out_b_reg_120  <clk (rise)>  
    bit 642 	par_out_b_reg_121  <clk (rise)>  
    bit 643 	par_out_b_reg_122  <clk (rise)>  
    bit 644 	par_out_b_reg_123  <clk (rise)>  
    bit 645 	par_out_b_reg_124  <clk (rise)>  
    bit 646 	par_out_b_reg_125  <clk (rise)>  
    bit 647 	par_out_b_reg_126  <clk (rise)>  
    bit 648 	par_out_b_reg_127  <clk (rise)>  
    bit 649 	state_reg_0  <clk (rise)>  
    bit 650 	state_reg_1  <clk (rise)>  
------------------------

