Reporting 1 scan chain (muxed_scan)
 
Chain 1: AutoChain_1 
  scan_in:      chip_sdi_1 
  scan_out:     chip_sdo_1   
  shift_enable: chip_scan_se (active high) 
  clock_domain: clk (edge: rise)
  length: 46
    bit 1 	count_reg_0  <clk (rise)>  
    bit 2 	count_reg_1  <clk (rise)>  
    bit 3 	count_reg_2  <clk (rise)>  
    bit 4 	count_reg_3  <clk (rise)>  
    bit 5 	out_reg_0  <clk (rise)>  
    bit 6 	out_reg_1  <clk (rise)>  
    bit 7 	out_reg_2  <clk (rise)>  
    bit 8 	out_reg_3  <clk (rise)>  
    bit 9 	out_reg_4  <clk (rise)>  
    bit 10 	out_reg_5  <clk (rise)>  
    bit 11 	out_reg_6  <clk (rise)>  
    bit 12 	out_reg_7  <clk (rise)>  
    bit 13 	out_reg_8  <clk (rise)>  
    bit 14 	out_reg_9  <clk (rise)>  
    bit 15 	out_reg_10  <clk (rise)>  
    bit 16 	out_reg_11  <clk (rise)>  
    bit 17 	out_reg_12  <clk (rise)>  
    bit 18 	out_reg_13  <clk (rise)>  
    bit 19 	out_reg_14  <clk (rise)>  
    bit 20 	out_reg_15  <clk (rise)>  
    bit 21 	par_out_a_reg_0  <clk (rise)>  
    bit 22 	par_out_a_reg_1  <clk (rise)>  
    bit 23 	par_out_a_reg_2  <clk (rise)>  
    bit 24 	par_out_a_reg_3  <clk (rise)>  
    bit 25 	par_out_a_reg_4  <clk (rise)>  
    bit 26 	par_out_a_reg_5  <clk (rise)>  
    bit 27 	par_out_a_reg_6  <clk (rise)>  
    bit 28 	par_out_a_reg_7  <clk (rise)>  
    bit 29 	par_out_a_reg_8  <clk (rise)>  
    bit 30 	par_out_a_reg_9  <clk (rise)>  
    bit 31 	par_out_a_reg_10  <clk (rise)>  
    bit 32 	par_out_a_reg_11  <clk (rise)>  
    bit 33 	par_out_a_reg_12  <clk (rise)>  
    bit 34 	par_out_a_reg_13  <clk (rise)>  
    bit 35 	par_out_a_reg_14  <clk (rise)>  
    bit 36 	par_out_a_reg_15  <clk (rise)>  
    bit 37 	par_out_b_reg_0  <clk (rise)>  
    bit 38 	par_out_b_reg_1  <clk (rise)>  
    bit 39 	par_out_b_reg_2  <clk (rise)>  
    bit 40 	par_out_b_reg_3  <clk (rise)>  
    bit 41 	par_out_b_reg_4  <clk (rise)>  
    bit 42 	par_out_b_reg_5  <clk (rise)>  
    bit 43 	par_out_b_reg_6  <clk (rise)>  
    bit 44 	par_out_b_reg_7  <clk (rise)>  
    bit 45 	state_reg_0  <clk (rise)>  
    bit 46 	state_reg_1  <clk (rise)>  
------------------------

